BABEL was installed to get module importing working.


